preflight 200 {"schema": "serenity.generate.preflight.v1", "admitted": true, "error": "", "model": "flux-2-klein-base-9b", "checkpoint_path": "", "backend": "flux2", "output_root": {"root_kind": "ui_workflow_gallery", "root": "/home/alex/diffusion-compiler-ui/output/run", "artifact_pattern": "job-XXXX.png", "resu
generate 200 {'job_id': 'job-0001'}
    0.0s state=running step=0/50 progress=0 err=''
   20.0s state=running step=1/50 progress=2 err=''
   22.0s state=running step=4/50 progress=8 err=''
   24.0s state=running step=7/50 progress=14 err=''
   26.0s state=running step=10/50 progress=20 err=''
   28.0s state=running step=13/50 progress=26 err=''
   30.0s state=running step=15/50 progress=30 err=''
   32.0s state=running step=18/50 progress=36 err=''
   34.0s state=running step=21/50 progress=42 err=''
   36.0s state=running step=24/50 progress=48 err=''
   38.0s state=running step=27/50 progress=54 err=''
   40.0s state=running step=30/50 progress=60 err=''
   42.0s state=running step=33/50 progress=66 err=''
   44.0s state=running step=35/50 progress=70 err=''
   46.0s state=running step=38/50 progress=76 err=''
   48.0s state=running step=41/50 progress=82 err=''
   50.0s state=running step=44/50 progress=88 err=''
   52.0s state=running step=47/50 progress=94 err=''
   54.0s state=running step=50/50 progress=100 err=''
   56.1s state=done step=50/50 progress=100 err=''
FINAL {"id": "job-0001", "created": "Sat, 05 Sep 2026 16:37:14 GMT", "model": "flux-2-klein-base-9b", "state": "done", "progress": 100, "step": 50, "total": 50, "image_index": 0, "image_count": 1, "output_path": "/home/alex/diffusion-compiler-ui/output/run/job-0001.png", "error": "", "result_manifests": {"server_result_manifest": {"present": true, "path": "/home/alex/diffusion-compiler-ui/output/run/job-0001.png.serenity_server_result.json"}, "worker_result_manifest": {"present": true, "path": "/home/alex/diffusion-compiler-ui/output/run/job-0001.png.difc_daemon_result.json"}}, "metadata": {"schema": "serenity.gallery_meta.v1", "id": "job-0001", "model": "flux-2-klein-base-9b", "state": "done", "output_path": "/home/alex/diffusion-compiler-ui/output/run/job-0001.png", "result_manifests": {"server_result_manifest": {"present": true, "path": "/home/alex/diffusion-compiler-ui/output/run/job-0001.png.serenity_server_result.json"}, "worker_result_manifest": {"present": true, "path": "/home/alex/diffusion-compiler-ui/output/run/job-0001.png.difc_daemon_result.json"}}, "has_params": true, "params": {"model": "flux-2-klein-base-9b", "prompt": "a red bicycle leaning against a weathered stone wall, overcast afternoon light, shallow depth of field", "width": 1024, "height": 1024, "steps": 50, "cfg": 4.0, "seed": 7, "sampler": "euler", "scheduler": "simple", "schema": "serenity.genparams.v1", "job_id": "job-0001"}, "seed": 7, "prompt": "a red bicycle leaning against a weathered stone wall, overcast afternoon light, shallow depth of field", "negative": null, "width": 1024, "height": 1024, "steps": 50, "cfg": 4.0, "sampler": "euler", "scheduler": "simple", "visual_health": {"schema": "serenity.visual_health.v1", "status": "pass", "path": "/home/alex/diffusion-compiler-ui/output/run/job-0001.png", "width": 1024, "height": 1024, "expected_width": 1024, "expected_height": 1024, "avg_stddev": 66.551, "rgb_stddev": [67.133, 64.008, 68.511], "luminance_range": 255.0, "edge_energy": 6.044, "color_bins": 616, "regions": [{"name": "top", "gray_stddev": 74.463, "edge_energy": 3.998, "color_bins": 197, "rgb_stddev": [73.353, 72.426, 77.869]}, {"name": "bottom", "gray_stddev": 44.981, "edge_energy": 8.09, "color_bins": 613, "rgb_stddev": [49.948, 42.11, 45.033]}, {"name": "left", "gray_stddev": 37.628, "edge_energy": 5.576, "color_bins": 508, "rgb_stddev": [41.554, 35.422, 36.922]}, {"name": "right", "gray_stddev": 78.194, "edge_energy": 6.51, "color_bins": 577, "rgb_stddev": [77.317, 76.055, 82.253]}, {"name": "top_left", "gray_stddev": 30.613, "edge_energy": 4.395, "color_bins": 130, "rgb_stddev": [33.374, 28.896, 29.96]}, {"name": "top_right", "gray_stddev": 83.155, "edge_energy": 3.601, "color_bins": 176, "rgb_stddev": [80.334, 81.156, 88.173]}, {"name": "bottom_left", "gray_stddev": 41.543, "edge_energy": 6.756, "color_bins": 502, "rgb_stddev": [46.475, 38.846, 40.836]}, {"name": "bottom_right", "gray_stddev": 46.235, "edge_energy": 9.42, "color_bins": 576, "rgb_stddev": [50.779, 43.355, 47.329]}], "thresholds": {"min_avg_stddev": 18.0, "min_luminance_range": 55.0, "min_edge_energy": 1.0, "min_color_bins": 48, "min_region_gray_stddev": 8.0, "min_region_color_bins": 16, "min_region_channel_stddev": 0.5, "region_channel_flat_max_color_bins": 32}, "failures": [], "note": "Heuristic guard against blank, flat, posterized, half-frame/channel-flat, or placeholder-like PNG outputs; not a sampler-parity or aesthetic-quality score."}, "output_location": {"root_kind": "ui_workflow_gallery", "root": "/home/alex/diffusion-compiler-ui/output/run", "inside_root": true, "relative_path": "job-0001.png"}}, "visual_health": {"schema": "serenity.visual_health.v1", "status": "pass", "path": "/home/alex/diffusion-compiler-ui/output/run/job-0001.png", "width": 1024, "height": 1024, "expected_width": 1024, "expected_height": 1024, "avg_stddev": 66.551, "rgb_stddev": [67.133, 64.008, 68.511], "luminance_range": 255.0, "edge_energy": 6.044, "color_bins": 616, "regions": [{"name": "top", "gray_stddev": 74.463, "edge_energy": 3.998, "color_bins": 197, "rgb_stddev": [73.353, 72.426, 77.869]}, {"name": "bottom", "gray_stddev": 44.981, "edge_energy": 8.09, "color_bins": 613, "rgb_stddev": [49.948, 42.11, 45.033]}, {"name": "left", "gray_stddev": 37.628, "edge_energy": 5.576, "color_bins": 508, "rgb_stddev": [41.554, 35.422, 36.922]}, {"name": "right", "gray_stddev": 78.194, "edge_energy": 6.51, "color_bins": 577, "rgb_stddev": [77.317, 76.055, 82.253]}, {"name": "top_left", "gray_stddev": 30.613, "edge_energy": 4.395, "color_bins": 130, "rgb_stddev": [33.374, 28.896, 29.96]}, {"name": "top_right", "gray_stddev": 83.155, "edge_energy": 3.601, "color_bins": 176, "rgb_stddev": [80.334, 81.156, 88.173]}, {"name": "bottom_left", "gray_stddev": 41.543, "edge_energy": 6.756, "color_bins": 502, "rgb_stddev": [46.475, 38.846, 40.836]}, {"name": "bottom_right", "gray_stddev": 46.235, "edge_energy": 9.42, "color_bins": 576, "rgb_stddev": [50.779, 43.355, 47.329]}], "thresholds": {"min_avg_stddev": 18.0, "min_luminance_range": 55.0, "min_edge_energy": 1.0, "min_color_bins": 48, "min_region_gray_stddev": 8.0, "min_region_color_bins": 16, "min_region_channel_stddev": 0.5, "region_channel_flat_max_color_bins": 32}, "failures": [], "note": "Heuristic guard against blank, flat, posterized, half-frame/channel-flat, or placeholder-like PNG outputs; not a sampler-parity or aesthetic-quality score."}, "output_location": {"root_kind": "ui_workflow_gallery", "root": "/home/alex/diffusion-compiler-ui/output/run", "inside_root": true, "relative_path": "job-0001.png"}}
wall 56.1s
